@main {
.__b1:
  a: int = const 1;
  b2: int = const 3;
  d: int = add a b2;
  print d;
  ret;
}
