@main {
.__b1:
  cond: bool = const true;
  br cond .left .right;
.left:
  a: int = const 1;
  jmp .end;
.right:
  a: int = const 2;
  jmp .end;
.end:
  print a;
  ret;
}
