@main {
.__b1:
  a0: int = const 10;
  cond: bool = const true;
  br cond .here .there(a0);
.here:
  a1: int = const 5;
  jmp .there(a1);
.there(a2: int):
  print a2;
  ret;
}
