@main {
.__b1:
  cond: bool = const true;
  jmp .entry;
.entry:
  a0: int = const 47;
  br cond .left(a0) .right(a0);
.left(a1: int):
  a2: int = add a1 a1;
  jmp .exit(a2);
.right(a3: int):
  a4: int = mul a3 a3;
  jmp .exit(a4);
.exit(a5: int):
  print a5;
  ret;
}
