@main {
.entry:
  i0: int = const 1;
  jmp .loop(i0);
.loop(i1: int):
  max: int = const 10;
  cond: bool = lt i1 max;
  br cond .body(i1) .exit(i1);
.body(i2: int):
  i3: int = add i2 i2;
  jmp .loop(i3);
.exit(i4: int):
  print i4;
  ret;
}
