@main {
  a: int = const 4;
  b: int = const 3;
  call @foo a b;
}
@foo(arg1: int, arg2: int) {
  a: int = const 4;
  b: int = const 3;
  constant_fold2: bool = const false;
  constant_fold3: bool = const false;
  constant_fold4: bool = const true;
  constant_fold5: bool = const false;
  constant_fold6: bool = const false;
  should_fold1: bool = const true;
  should_fold2: bool = const true;
  should_fold3: bool = const true;
  no_fold1: bool = eq arg1 arg2;
  no_fold2: bool = le arg1 arg2;
  no_fold3: bool = ge arg1 arg2;
  no_fold4: bool = const false;
  no_fold5: bool = const false;
}
