@main {
.__b0:
  x: int = const 1;
.lb:
  y: int = id x;
  x: int = add x x;
  print y;
}
